[php.spruko.com/xintra/xintra/pages/index.html]
[backblue.gif]
[fade.gif]
[index.html]
[php.spruko.com/xintra/xintra/assets/libs/choices.js/public/assets/scripts/choices.min.js]
[php.spruko.com/xintra/xintra/assets/js/main.js]
[php.spruko.com/xintra/xintra/assets/images/brand-logos/desktop-logo.png]
[php.spruko.com/xintra/xintra/assets/images/brand-logos/toggle-dark.png]
[php.spruko.com/xintra/xintra/assets/images/brand-logos/desktop-dark.png]
[php.spruko.com/xintra/xintra/assets/images/brand-logos/toggle-logo.png]
[php.spruko.com/xintra/xintra/assets/images/brand-logos/toggle-white.png]
[php.spruko.com/xintra/xintra/assets/images/brand-logos/desktop-white.png]
[php.spruko.com/xintra/xintra/assets/images/flags/us_flag.jpg]
[php.spruko.com/xintra/xintra/assets/images/flags/spain_flag.jpg]
[php.spruko.com/xintra/xintra/assets/images/flags/french_flag.jpg]
[php.spruko.com/xintra/xintra/assets/images/flags/uae_flag.jpg]
[php.spruko.com/xintra/xintra/assets/images/flags/germany_flag.jpg]
[php.spruko.com/xintra/xintra/assets/images/flags/china_flag.jpg]
[php.spruko.com/xintra/xintra/assets/images/flags/italy_flag.jpg]
[php.spruko.com/xintra/xintra/assets/images/flags/russia_flag.jpg]
[php.spruko.com/xintra/xintra/assets/images/ecommerce/png/30.png]
[php.spruko.com/xintra/xintra/pages/cart.html]
[php.spruko.com/xintra/xintra/assets/images/ecommerce/png/29.png]
[php.spruko.com/xintra/xintra/assets/images/ecommerce/png/32.png]
[php.spruko.com/xintra/xintra/assets/images/ecommerce/png/12.png]
[php.spruko.com/xintra/xintra/assets/images/ecommerce/png/16.png]
[php.spruko.com/xintra/xintra/pages/checkout.html]
[php.spruko.com/xintra/xintra/pages/products.html]
[php.spruko.com/xintra/xintra/assets/images/faces/1.jpg]
[php.spruko.com/xintra/xintra/pages/chat.html]
[php.spruko.com/xintra/xintra/assets/images/faces/10.jpg]
[php.spruko.com/xintra/xintra/assets/images/faces/11.jpg]
[php.spruko.com/xintra/xintra/assets/images/faces/15.jpg]
[php.spruko.com/xintra/xintra/pages/profile.html]
[php.spruko.com/xintra/xintra/pages/mail.html]
[php.spruko.com/xintra/xintra/pages/file-manager.html]
[php.spruko.com/xintra/xintra/pages/mail-settings.html]
[php.spruko.com/xintra/xintra/pages/sign-in-cover.html]
[php.spruko.com/xintra/xintra/pages/index2.html]
[php.spruko.com/xintra/xintra/pages/index3.html]
[php.spruko.com/xintra/xintra/pages/index4.html]
[php.spruko.com/xintra/xintra/pages/index5.html]
[php.spruko.com/xintra/xintra/pages/index6.html]
[php.spruko.com/xintra/xintra/pages/index7.html]
[php.spruko.com/xintra/xintra/pages/index8.html]
[php.spruko.com/xintra/xintra/pages/index9.html]
[php.spruko.com/xintra/xintra/pages/index10.html]
[php.spruko.com/xintra/xintra/pages/index11.html]
[php.spruko.com/xintra/xintra/pages/index12.html]
[php.spruko.com/xintra/xintra/pages/index13.html]
[php.spruko.com/xintra/xintra/pages/index14.html]
[php.spruko.com/xintra/xintra/pages/index15.html]
[php.spruko.com/xintra/xintra/pages/index16.html]
[php.spruko.com/xintra/xintra/pages/add-products.html]
[php.spruko.com/xintra/xintra/pages/edit-products.html]
[php.spruko.com/xintra/xintra/pages/order-details.html]
[php.spruko.com/xintra/xintra/pages/orders.html]
[php.spruko.com/xintra/xintra/pages/product-details.html]
[php.spruko.com/xintra/xintra/pages/products-list.html]
[php.spruko.com/xintra/xintra/pages/wishlist.html]
[php.spruko.com/xintra/xintra/pages/full-calendar.html]
[php.spruko.com/xintra/xintra/pages/gallery.html]
[php.spruko.com/xintra/xintra/pages/sweet-alerts.html]
[php.spruko.com/xintra/xintra/pages/projects-list.html]
[php.spruko.com/xintra/xintra/pages/projects-overview.html]
[php.spruko.com/xintra/xintra/pages/projects-create.html]
[php.spruko.com/xintra/xintra/pages/task-kanban-board.html]
[php.spruko.com/xintra/xintra/pages/task-list-view.html]
[php.spruko.com/xintra/xintra/pages/task-details.html]
[php.spruko.com/xintra/xintra/pages/job-details.html]
[php.spruko.com/xintra/xintra/pages/job-company-search.html]
[php.spruko.com/xintra/xintra/pages/job-search.html]
[php.spruko.com/xintra/xintra/pages/job-post.html]
[php.spruko.com/xintra/xintra/pages/jobs-list.html]
[php.spruko.com/xintra/xintra/pages/job-candidate-search.html]
[php.spruko.com/xintra/xintra/pages/job-candidate-details.html]
[php.spruko.com/xintra/xintra/pages/nft-marketplace.html]
[php.spruko.com/xintra/xintra/pages/nft-details.html]
[php.spruko.com/xintra/xintra/pages/nft-create.html]
[php.spruko.com/xintra/xintra/pages/nft-wallet-integration.html]
[php.spruko.com/xintra/xintra/pages/nft-live-auction.html]
[php.spruko.com/xintra/xintra/pages/crm-contacts.html]
[php.spruko.com/xintra/xintra/pages/crm-companies.html]
[php.spruko.com/xintra/xintra/pages/crm-deals.html]
[php.spruko.com/xintra/xintra/pages/crm-leads.html]
[php.spruko.com/xintra/xintra/pages/crypto-transactions.html]
[php.spruko.com/xintra/xintra/pages/crypto-currency-exchange.html]
[php.spruko.com/xintra/xintra/pages/crypto-buy-sell.html]
[php.spruko.com/xintra/xintra/pages/crypto-marketcap.html]
[php.spruko.com/xintra/xintra/pages/crypto-wallet.html]
[php.spruko.com/xintra/xintra/pages/coming-soon.html]
[php.spruko.com/xintra/xintra/pages/create-password-basic.html]
[php.spruko.com/xintra/xintra/pages/create-password-cover.html]
[php.spruko.com/xintra/xintra/pages/lockscreen-basic.html]
[php.spruko.com/xintra/xintra/pages/lockscreen-cover.html]
[php.spruko.com/xintra/xintra/pages/reset-password-basic.html]
[php.spruko.com/xintra/xintra/pages/reset-password-cover.html]
[php.spruko.com/xintra/xintra/pages/sign-up-basic.html]
[php.spruko.com/xintra/xintra/pages/sign-up-cover.html]
[php.spruko.com/xintra/xintra/pages/sign-in-basic.html]
[php.spruko.com/xintra/xintra/pages/two-step-verification-basic.html]
[php.spruko.com/xintra/xintra/pages/two-step-verification-cover.html]
[php.spruko.com/xintra/xintra/pages/under-maintenance.html]
[php.spruko.com/xintra/xintra/pages/error401.html]
[php.spruko.com/xintra/xintra/pages/error404.html]
[php.spruko.com/xintra/xintra/pages/error500.html]
[php.spruko.com/xintra/xintra/pages/blog.html]
[php.spruko.com/xintra/xintra/pages/blog-details.html]
[php.spruko.com/xintra/xintra/pages/blog-create.html]
[php.spruko.com/xintra/xintra/pages/emptypage.html]
[php.spruko.com/xintra/xintra/pages/faqs.html]
[php.spruko.com/xintra/xintra/pages/invoice-create.html]
[php.spruko.com/xintra/xintra/pages/invoice-details.html]
[php.spruko.com/xintra/xintra/pages/invoice-list.html]
[php.spruko.com/xintra/xintra/pages/landing.html]
[php.spruko.com/xintra/xintra/pages/pricing.html]
[php.spruko.com/xintra/xintra/pages/profile-settings.html]
[php.spruko.com/xintra/xintra/pages/reviews.html]
[php.spruko.com/xintra/xintra/pages/search-results.html]
[php.spruko.com/xintra/xintra/pages/team.html]
[php.spruko.com/xintra/xintra/pages/terms-conditions.html]
[php.spruko.com/xintra/xintra/pages/timeline.html]
[php.spruko.com/xintra/xintra/pages/to-do-list.html]
[php.spruko.com/xintra/xintra/pages/form-advanced.html]
[php.spruko.com/xintra/xintra/pages/form-inputs.html]
[php.spruko.com/xintra/xintra/pages/form-check-radios.html]
[php.spruko.com/xintra/xintra/pages/form-input-group.html]
[php.spruko.com/xintra/xintra/pages/form-select.html]
[php.spruko.com/xintra/xintra/pages/form-range.html]
[php.spruko.com/xintra/xintra/pages/form-input-masks.html]
[php.spruko.com/xintra/xintra/pages/form-file-uploads.html]
[php.spruko.com/xintra/xintra/pages/form-datetime-pickers.html]
[php.spruko.com/xintra/xintra/pages/form-color-pickers.html]
[php.spruko.com/xintra/xintra/pages/floating-labels.html]
[php.spruko.com/xintra/xintra/pages/form-layout.html]
[php.spruko.com/xintra/xintra/pages/form-wizards.html]
[php.spruko.com/xintra/xintra/pages/quill-editor.html]
[php.spruko.com/xintra/xintra/pages/form-validation.html]
[php.spruko.com/xintra/xintra/pages/form-select2.html]
[php.spruko.com/xintra/xintra/pages/alerts.html]
[php.spruko.com/xintra/xintra/pages/badge.html]
[php.spruko.com/xintra/xintra/pages/breadcrumb.html]
[php.spruko.com/xintra/xintra/pages/buttons.html]
[php.spruko.com/xintra/xintra/pages/buttongroup.html]
[php.spruko.com/xintra/xintra/pages/cards.html]
[php.spruko.com/xintra/xintra/pages/dropdowns.html]
[php.spruko.com/xintra/xintra/pages/images-figures.html]
[php.spruko.com/xintra/xintra/pages/links-interactions.html]
[php.spruko.com/xintra/xintra/pages/listgroup.html]
[php.spruko.com/xintra/xintra/pages/navs-tabs.html]
[php.spruko.com/xintra/xintra/pages/object-fit.html]
[php.spruko.com/xintra/xintra/pages/pagination.html]
[php.spruko.com/xintra/xintra/pages/popovers.html]
[php.spruko.com/xintra/xintra/pages/progress.html]
[php.spruko.com/xintra/xintra/pages/spinners.html]
[php.spruko.com/xintra/xintra/pages/toasts.html]
[php.spruko.com/xintra/xintra/pages/tooltips.html]
[php.spruko.com/xintra/xintra/pages/typography.html]
[php.spruko.com/xintra/xintra/pages/accordions-collpase.html]
[php.spruko.com/xintra/xintra/pages/carousel.html]
[php.spruko.com/xintra/xintra/pages/draggable-cards.html]
[php.spruko.com/xintra/xintra/pages/media-player.html]
[php.spruko.com/xintra/xintra/pages/modals-closes.html]
[php.spruko.com/xintra/xintra/pages/navbar.html]
[php.spruko.com/xintra/xintra/pages/offcanvas.html]
[php.spruko.com/xintra/xintra/pages/placeholders.html]
[php.spruko.com/xintra/xintra/pages/ratings.html]
[php.spruko.com/xintra/xintra/pages/ribbons.html]
[php.spruko.com/xintra/xintra/pages/scrollspy.html]
[php.spruko.com/xintra/xintra/pages/sortable-list.html]
[php.spruko.com/xintra/xintra/pages/swiperjs.html]
[php.spruko.com/xintra/xintra/pages/tour.html]
[php.spruko.com/xintra/xintra/pages/avatars.html]
[php.spruko.com/xintra/xintra/pages/borders.html]
[php.spruko.com/xintra/xintra/pages/breakpoints.html]
[php.spruko.com/xintra/xintra/pages/colors.html]
[php.spruko.com/xintra/xintra/pages/columns.html]
[php.spruko.com/xintra/xintra/pages/css-grid.html]
[php.spruko.com/xintra/xintra/pages/flex.html]
[php.spruko.com/xintra/xintra/pages/gutters.html]
[php.spruko.com/xintra/xintra/pages/helpers.html]
[php.spruko.com/xintra/xintra/pages/position.html]
[php.spruko.com/xintra/xintra/pages/more.html]
[php.spruko.com/xintra/xintra/pages/widgets.html]
[php.spruko.com/xintra/xintra/pages/vector-maps.html]
[php.spruko.com/xintra/xintra/pages/leaflet-maps.html]
[php.spruko.com/xintra/xintra/pages/google-maps.html]
[php.spruko.com/xintra/xintra/pages/icons.html]
[php.spruko.com/xintra/xintra/pages/apex-line-charts.html]
[php.spruko.com/xintra/xintra/pages/apex-area-charts.html]
[php.spruko.com/xintra/xintra/pages/apex-column-charts.html]
[php.spruko.com/xintra/xintra/pages/apex-bar-charts.html]
[php.spruko.com/xintra/xintra/pages/apex-mixed-charts.html]
[php.spruko.com/xintra/xintra/pages/apex-rangearea-charts.html]
[php.spruko.com/xintra/xintra/pages/apex-timeline-charts.html]
[php.spruko.com/xintra/xintra/pages/apex-funnel-charts.html]
[php.spruko.com/xintra/xintra/pages/apex-candlestick-charts.html]
[php.spruko.com/xintra/xintra/pages/apex-boxplot-charts.html]
[php.spruko.com/xintra/xintra/pages/apex-bubble-charts.html]
[php.spruko.com/xintra/xintra/pages/apex-scatter-charts.html]
[php.spruko.com/xintra/xintra/pages/apex-heatmap-charts.html]
[php.spruko.com/xintra/xintra/pages/apex-treemap-charts.html]
[php.spruko.com/xintra/xintra/pages/apex-pie-charts.html]
[php.spruko.com/xintra/xintra/pages/apex-radialbar-charts.html]
[php.spruko.com/xintra/xintra/pages/apex-radar-charts.html]
[php.spruko.com/xintra/xintra/pages/apex-polararea-charts.html]
[php.spruko.com/xintra/xintra/pages/apex-slope-charts.html]
[php.spruko.com/xintra/xintra/pages/chartjs-charts.html]
[php.spruko.com/xintra/xintra/pages/echarts.html]
[php.spruko.com/xintra/xintra/pages/tables.html]
[php.spruko.com/xintra/xintra/pages/grid-tables.html]
[php.spruko.com/xintra/xintra/pages/data-tables.html]
[php.spruko.com/xintra/xintra/assets/images/media/media-86.png]
[php.spruko.com/xintra/xintra/assets/images/ecommerce/jpg/4.jpg]
[php.spruko.com/xintra/xintra/assets/images/ecommerce/jpg/6.jpg]
[php.spruko.com/xintra/xintra/assets/images/ecommerce/jpg/3.jpg]
[php.spruko.com/xintra/xintra/assets/images/ecommerce/jpg/1.jpg]
[php.spruko.com/xintra/xintra/assets/images/ecommerce/jpg/2.jpg]
[php.spruko.com/xintra/xintra/assets/images/ecommerce/jpg/5.jpg]
[php.spruko.com/xintra/xintra/assets/images/faces/12.jpg]
[php.spruko.com/xintra/xintra/assets/images/faces/6.jpg]
[php.spruko.com/xintra/xintra/assets/images/faces/14.jpg]
[php.spruko.com/xintra/xintra/assets/images/faces/3.jpg]
[php.spruko.com/xintra/xintra/assets/images/flags/argentina_flag.jpg]
[php.spruko.com/xintra/xintra/assets/libs/@popperjs/core/umd/popper.min.js]
[php.spruko.com/xintra/xintra/assets/libs/bootstrap/js/bootstrap.bundle.min.js]
[php.spruko.com/xintra/xintra/assets/libs/node-waves/waves.min.js]
[php.spruko.com/xintra/xintra/assets/libs/simplebar/simplebar.min.js]
[php.spruko.com/xintra/xintra/assets/js/simplebar.js]
[php.spruko.com/xintra/xintra/assets/libs/@tarekraafat/autocomplete.js/autoComplete.min.js]
[php.spruko.com/xintra/xintra/assets/libs/@simonwep/pickr/pickr.es5.min.js]
[php.spruko.com/xintra/xintra/assets/libs/flatpickr/flatpickr.min.js]
[php.spruko.com/xintra/xintra/assets/libs/apexcharts/apexcharts.min.js]
[php.spruko.com/xintra/xintra/assets/js/sales-dashboard.js]
[php.spruko.com/xintra/xintra/assets/js/sticky.js]
[php.spruko.com/xintra/xintra/assets/js/defaultmenu.min.js]
[php.spruko.com/xintra/xintra/assets/js/custom.js]
[php.spruko.com/xintra/xintra/assets/js/custom-switcher.min.js]
[php.spruko.com/xintra/xintra/pages/index.html]
[php.spruko.com/xintra/xintra/assets/libs/bootstrap/css/bootstrap.min.css]
[php.spruko.com/xintra/xintra/assets/images/menu-bg-images/bg-img1.jpg]
[php.spruko.com/xintra/xintra/assets/images/menu-bg-images/bg-img2.jpg]
[php.spruko.com/xintra/xintra/assets/images/menu-bg-images/bg-img3.jpg]
[php.spruko.com/xintra/xintra/assets/images/menu-bg-images/bg-img4.jpg]
[php.spruko.com/xintra/xintra/assets/images/menu-bg-images/bg-img5.jpg]
[php.spruko.com/xintra/xintra/assets/images/media/media-84.jpg]
[php.spruko.com/xintra/xintra/assets/images/media/backgrounds/1.jpg]
[php.spruko.com/xintra/xintra/assets/images/menu-bg-images/transparent.png]
[php.spruko.com/xintra/xintra/assets/images/media/media-67.png]
[php.spruko.com/xintra/xintra/assets/images/media/media-69.jpg]
[php.spruko.com/xintra/xintra/assets/images/media/media-70.jpg]
[php.spruko.com/xintra/xintra/assets/images/media/media-87.png]
[php.spruko.com/xintra/xintra/assets/images/media/media-89.png]
[php.spruko.com/xintra/xintra/assets/images/nft-images/35.jpg]
[php.spruko.com/xintra/xintra/assets/images/media/media-88.jpg]
[php.spruko.com/xintra/xintra/assets/images/media/media-73.png]
[php.spruko.com/xintra/xintra/assets/images/media/media-82.jpg]
[php.spruko.com/xintra/xintra/assets/images/media/media-80.jpg]
[php.spruko.com/xintra/xintra/assets/images/media/media-72.jpg]
[php.spruko.com/xintra/xintra/assets/images/podcast/5.jpg]
[php.spruko.com/xintra/xintra/assets/images/media/media-25.jpg]
[php.spruko.com/xintra/xintra/assets/images/media/media-35.jpg]
[php.spruko.com/xintra/xintra/assets/css/styles.css]
[php.spruko.com/xintra/xintra/assets/css/icons.css]
[php.spruko.com/xintra/xintra/assets/libs/node-waves/waves.min.css]
[php.spruko.com/xintra/xintra/assets/libs/simplebar/simplebar.min.css]
[php.spruko.com/xintra/xintra/assets/libs/flatpickr/flatpickr.min.css]
[php.spruko.com/xintra/xintra/assets/libs/@simonwep/pickr/themes/nano.min.css]
[php.spruko.com/xintra/xintra/assets/libs/choices.js/public/assets/styles/choices.min.css]
[php.spruko.com/xintra/xintra/assets/libs/@tarekraafat/autocomplete.js/css/autoComplete.css]
[php.spruko.com/xintra/xintra/assets/images/ecommerce/png/1.png]
[php.spruko.com/xintra/xintra/assets/images/ecommerce/png/7.png]
[php.spruko.com/xintra/xintra/assets/images/ecommerce/png/15.png]
[php.spruko.com/xintra/xintra/assets/images/ecommerce/png/11.png]
[php.spruko.com/xintra/xintra/assets/libs/sweetalert2/sweetalert2.min.js]
[php.spruko.com/xintra/xintra/assets/js/cart.js]
[php.spruko.com/xintra/xintra/pages/cart.html]
[php.spruko.com/xintra/xintra/assets/images/ecommerce/png/21.png]
[php.spruko.com/xintra/xintra/assets/images/ecommerce/png/22.png]
[php.spruko.com/xintra/xintra/assets/images/ecommerce/png/26.png]
[php.spruko.com/xintra/xintra/assets/images/ecommerce/png/27.png]
[php.spruko.com/xintra/xintra/assets/images/ecommerce/png/24.png]
[php.spruko.com/xintra/xintra/assets/images/ecommerce/png/9.png]
[php.spruko.com/xintra/xintra/assets/js/checkout.js]
[php.spruko.com/xintra/xintra/pages/checkout.html]
[php.spruko.com/xintra/xintra/assets/images/ecommerce/png/28.png]
[php.spruko.com/xintra/xintra/assets/images/ecommerce/png/14.png]
[php.spruko.com/xintra/xintra/assets/images/ecommerce/png/13.png]
[php.spruko.com/xintra/xintra/assets/images/ecommerce/png/23.png]
[php.spruko.com/xintra/xintra/assets/images/ecommerce/png/10.png]
[php.spruko.com/xintra/xintra/assets/images/ecommerce/png/31.png]
[php.spruko.com/xintra/xintra/assets/libs/nouislider/nouislider.min.js]
[php.spruko.com/xintra/xintra/assets/libs/wnumb/wNumb.min.js]
[php.spruko.com/xintra/xintra/assets/js/ecommerce-price-range.js]
[php.spruko.com/xintra/xintra/pages/products.html]
[php.spruko.com/xintra/xintra/assets/images/faces/5.jpg]
[php.spruko.com/xintra/xintra/assets/images/faces/2.jpg]
[php.spruko.com/xintra/xintra/assets/images/faces/13.jpg]
[php.spruko.com/xintra/xintra/assets/images/faces/4.jpg]
[php.spruko.com/xintra/xintra/assets/images/faces/8.jpg]
[php.spruko.com/xintra/xintra/assets/images/faces/7.jpg]
[php.spruko.com/xintra/xintra/assets/images/faces/9.jpg]
[php.spruko.com/xintra/xintra/assets/images/faces/17.jpg]
[php.spruko.com/xintra/xintra/assets/images/faces/18.jpg]
[php.spruko.com/xintra/xintra/assets/images/faces/19.jpg]
[php.spruko.com/xintra/xintra/assets/images/faces/20.jpg]
[php.spruko.com/xintra/xintra/assets/images/faces/21.jpg]
[php.spruko.com/xintra/xintra/assets/images/faces/16.jpg]
[php.spruko.com/xintra/xintra/assets/images/media/media-40.jpg]
[php.spruko.com/xintra/xintra/assets/images/media/media-41.jpg]
[php.spruko.com/xintra/xintra/assets/images/media/media-42.jpg]
[php.spruko.com/xintra/xintra/assets/images/media/media-43.jpg]
[php.spruko.com/xintra/xintra/assets/images/media/media-44.jpg]
[php.spruko.com/xintra/xintra/assets/images/media/media-45.jpg]
[php.spruko.com/xintra/xintra/assets/images/media/media-46.jpg]
[php.spruko.com/xintra/xintra/assets/images/media/media-60.jpg]
[php.spruko.com/xintra/xintra/assets/images/media/media-61.jpg]
[php.spruko.com/xintra/xintra/assets/libs/fg-emoji-picker/fgEmojiPicker.js]
[php.spruko.com/xintra/xintra/assets/libs/glightbox/js/glightbox.min.js]
[php.spruko.com/xintra/xintra/assets/js/chat.js]
[php.spruko.com/xintra/xintra/pages/chat.html]
[php.spruko.com/xintra/xintra/assets/images/media/media-3.jpg]
[php.spruko.com/xintra/xintra/assets/images/media/media-17.jpg]
[php.spruko.com/xintra/xintra/assets/images/media/media-18.jpg]
[php.spruko.com/xintra/xintra/assets/images/media/media-19.jpg]
[php.spruko.com/xintra/xintra/assets/images/media/file-manager/3.png]
[php.spruko.com/xintra/xintra/assets/images/media/media-75.jpg]
[php.spruko.com/xintra/xintra/assets/images/media/media-59.jpg]
[php.spruko.com/xintra/xintra/assets/images/media/media-39.jpg]
[php.spruko.com/xintra/xintra/assets/images/media/media-26.jpg]
[php.spruko.com/xintra/xintra/assets/images/media/media-29.jpg]
[php.spruko.com/xintra/xintra/assets/images/media/media-32.jpg]
[php.spruko.com/xintra/xintra/assets/images/media/media-30.jpg]
[php.spruko.com/xintra/xintra/assets/images/media/media-31.jpg]
[php.spruko.com/xintra/xintra/assets/js/profile.js]
[php.spruko.com/xintra/xintra/pages/profile.html]
[php.spruko.com/xintra/xintra/assets/images/media/media-74.jpg]
[php.spruko.com/xintra/xintra/assets/images/media/media-77.jpg]
[php.spruko.com/xintra/xintra/assets/libs/quill/quill.js]
[php.spruko.com/xintra/xintra/assets/js/mail.js]
[php.spruko.com/xintra/xintra/pages/mail.html]
[php.spruko.com/xintra/xintra/assets/images/media/file-manager/1.png]
[php.spruko.com/xintra/xintra/assets/images/media/file-manager/2.png]
[php.spruko.com/xintra/xintra/assets/images/media/blog/9.jpg]
[php.spruko.com/xintra/xintra/assets/libs/dropzone/dropzone-min.js]
[php.spruko.com/xintra/xintra/assets/js/file-manager.js]
[php.spruko.com/xintra/xintra/pages/file-manager.html]
[php.spruko.com/xintra/xintra/assets/js/mail-settings.js]
[php.spruko.com/xintra/xintra/pages/mail-settings.html]
[php.spruko.com/xintra/xintra/assets/js/authentication-main.js]
[php.spruko.com/xintra/xintra/assets/images/media/apps/google.png]
[php.spruko.com/xintra/xintra/assets/js/show-password.js]
[php.spruko.com/xintra/xintra/pages/sign-in-cover.html]
[php.spruko.com/xintra/xintra/assets/images/media/media-91.png]
[php.spruko.com/xintra/xintra/assets/images/flags/mexico_flag.jpg]
[php.spruko.com/xintra/xintra/assets/images/flags/canada_flag.jpg]
[php.spruko.com/xintra/xintra/assets/images/flags/singapore_flag.jpg]
[php.spruko.com/xintra/xintra/assets/js/analytics-dashboard.js]
[php.spruko.com/xintra/xintra/pages/index2.html]
[php.spruko.com/xintra/xintra/assets/images/media/media-90.png]
[php.spruko.com/xintra/xintra/assets/images/ecommerce/png/17.png]
[php.spruko.com/xintra/xintra/assets/images/ecommerce/png/6.png]
[php.spruko.com/xintra/xintra/assets/libs/echarts/echarts.min.js]
[php.spruko.com/xintra/xintra/assets/js/ecommerce-dashboard.js]
[php.spruko.com/xintra/xintra/pages/index3.html]
[php.spruko.com/xintra/xintra/assets/js/crm-dashboard.js]
[php.spruko.com/xintra/xintra/pages/index4.html]
[php.spruko.com/xintra/xintra/assets/js/hrm-dashboard.js]
[php.spruko.com/xintra/xintra/pages/index5.html]
[php.spruko.com/xintra/xintra/assets/images/nft-images/1.jpg]
[php.spruko.com/xintra/xintra/assets/images/nft-images/10.jpg]
[php.spruko.com/xintra/xintra/assets/images/nft-images/11.jpg]
[php.spruko.com/xintra/xintra/assets/images/nft-images/9.jpg]
[php.spruko.com/xintra/xintra/assets/images/nft-images/4.jpg]
[php.spruko.com/xintra/xintra/assets/images/nft-images/5.jpg]
[php.spruko.com/xintra/xintra/assets/images/nft-images/6.jpg]
[php.spruko.com/xintra/xintra/assets/images/nft-images/3.jpg]
[php.spruko.com/xintra/xintra/assets/images/nft-images/8.jpg]
[php.spruko.com/xintra/xintra/assets/images/nft-images/2.jpg]
[php.spruko.com/xintra/xintra/assets/images/nft-images/7.jpg]
[php.spruko.com/xintra/xintra/assets/images/nft-images/12.jpg]
[php.spruko.com/xintra/xintra/assets/images/nft-images/14.jpg]
[php.spruko.com/xintra/xintra/assets/images/nft-images/15.jpg]
[php.spruko.com/xintra/xintra/assets/images/nft-images/16.jpg]
[php.spruko.com/xintra/xintra/assets/images/nft-images/17.jpg]
[php.spruko.com/xintra/xintra/assets/images/nft-images/18.jpg]
[php.spruko.com/xintra/xintra/assets/js/nft-dashboard.js]
[php.spruko.com/xintra/xintra/pages/index6.html]
[php.spruko.com/xintra/xintra/assets/libs/swiper/swiper-bundle.min.js]
[php.spruko.com/xintra/xintra/assets/js/crypto-dashboard.js]
[php.spruko.com/xintra/xintra/pages/index7.html]
[php.spruko.com/xintra/xintra/assets/js/jobs-dashboard.js]
[php.spruko.com/xintra/xintra/pages/index8.html]
[php.spruko.com/xintra/xintra/assets/images/media/media-85.png]
[php.spruko.com/xintra/xintra/assets/js/projects-dashboard.js]
[php.spruko.com/xintra/xintra/pages/index9.html]
[php.spruko.com/xintra/xintra/assets/images/media/media-81.png]
[php.spruko.com/xintra/xintra/assets/images/media/media-13.jpg]
[php.spruko.com/xintra/xintra/assets/images/media/media-14.jpg]
[php.spruko.com/xintra/xintra/assets/images/media/media-12.jpg]
[php.spruko.com/xintra/xintra/assets/images/media/media-78.png]
[php.spruko.com/xintra/xintra/assets/images/media/media-76.png]
[php.spruko.com/xintra/xintra/assets/images/media/media-79.png]
[php.spruko.com/xintra/xintra/assets/images/media/media-1.jpg]
[php.spruko.com/xintra/xintra/assets/images/media/media-4.jpg]
[php.spruko.com/xintra/xintra/assets/images/media/media-10.jpg]
[php.spruko.com/xintra/xintra/assets/images/media/media-15.jpg]
[php.spruko.com/xintra/xintra/assets/images/media/media-23.jpg]
[php.spruko.com/xintra/xintra/assets/js/courses-dashboard.js]
[php.spruko.com/xintra/xintra/pages/index10.html]
[php.spruko.com/xintra/xintra/assets/images/media/apps/apple.png]
[php.spruko.com/xintra/xintra/assets/images/media/apps/microsoft.png]
[php.spruko.com/xintra/xintra/assets/images/media/apps/amazon.png]
[php.spruko.com/xintra/xintra/assets/images/media/apps/tesla.png]
[php.spruko.com/xintra/xintra/assets/images/media/apps/facebook.png]
[php.spruko.com/xintra/xintra/assets/images/media/apps/nvidia.png]
[php.spruko.com/xintra/xintra/assets/js/stocks-dashboard.js]
[php.spruko.com/xintra/xintra/pages/index11.html]
[php.spruko.com/xintra/xintra/assets/images/media/media-71.png]
[php.spruko.com/xintra/xintra/assets/images/faces/doctors/1.jpg]
[php.spruko.com/xintra/xintra/assets/images/faces/doctors/2.jpg]
[php.spruko.com/xintra/xintra/assets/images/faces/doctors/3.jpg]
[php.spruko.com/xintra/xintra/assets/images/faces/doctors/4.jpg]
[php.spruko.com/xintra/xintra/assets/images/faces/doctors/5.jpg]
[php.spruko.com/xintra/xintra/assets/images/faces/doctors/6.jpg]
[php.spruko.com/xintra/xintra/assets/js/medical-dashboard.js]
[php.spruko.com/xintra/xintra/pages/index12.html]
[php.spruko.com/xintra/xintra/assets/images/pos-system/1.png]
[php.spruko.com/xintra/xintra/assets/images/pos-system/2.png]
[php.spruko.com/xintra/xintra/assets/images/pos-system/3.png]
[php.spruko.com/xintra/xintra/assets/images/pos-system/4.png]
[php.spruko.com/xintra/xintra/assets/images/pos-system/5.png]
[php.spruko.com/xintra/xintra/assets/images/pos-system/6.png]
[php.spruko.com/xintra/xintra/assets/images/pos-system/7.png]
[php.spruko.com/xintra/xintra/assets/images/pos-system/9.jpg]
[php.spruko.com/xintra/xintra/assets/images/pos-system/18.jpg]
[php.spruko.com/xintra/xintra/assets/images/pos-system/17.jpg]
[php.spruko.com/xintra/xintra/assets/images/pos-system/11.jpg]
[php.spruko.com/xintra/xintra/assets/images/pos-system/12.jpg]
[php.spruko.com/xintra/xintra/assets/images/pos-system/16.jpg]
[php.spruko.com/xintra/xintra/assets/images/pos-system/14.jpg]
[php.spruko.com/xintra/xintra/assets/images/pos-system/15.jpg]
[php.spruko.com/xintra/xintra/assets/images/pos-system/19.jpg]
[php.spruko.com/xintra/xintra/assets/images/pos-system/10.jpg]
[php.spruko.com/xintra/xintra/assets/images/pos-system/8.jpg]
[php.spruko.com/xintra/xintra/assets/images/pos-system/13.jpg]
[php.spruko.com/xintra/xintra/assets/images/pos-system/20.png]
[php.spruko.com/xintra/xintra/assets/libs/isotope-layout/isotope.pkgd.min.js]
[php.spruko.com/xintra/xintra/assets/js/pos-dashboard.js]
[php.spruko.com/xintra/xintra/pages/index13.html]
[php.spruko.com/xintra/xintra/assets/images/podcast/1.jpg]
[php.spruko.com/xintra/xintra/assets/images/podcast/2.jpg]
[php.spruko.com/xintra/xintra/assets/images/podcast/3.jpg]
[php.spruko.com/xintra/xintra/assets/images/podcast/4.jpg]
[php.spruko.com/xintra/xintra/assets/images/podcast/6.jpg]
[php.spruko.com/xintra/xintra/assets/images/podcast/7.jpg]
[php.spruko.com/xintra/xintra/assets/images/podcast/9.jpg]
[php.spruko.com/xintra/xintra/assets/images/podcast/8.jpg]
[php.spruko.com/xintra/xintra/pages/index14.html]
[php.spruko.com/xintra/xintra/assets/js/school-dashboard.js]
[php.spruko.com/xintra/xintra/pages/index15.html]
[php.spruko.com/xintra/xintra/assets/js/social-dashboard.js]
[php.spruko.com/xintra/xintra/pages/index16.html]
[php.spruko.com/xintra/xintra/assets/libs/filepond/filepond.min.js]
[php.spruko.com/xintra/xintra/assets/libs/filepond-plugin-image-preview/filepond-plugin-image-preview.min.js]
[php.spruko.com/xintra/xintra/assets/libs/filepond-plugin-image-exif-orientation/filepond-plugin-image-exif-orientation.min.js]
[php.spruko.com/xintra/xintra/assets/libs/filepond-plugin-file-validate-size/filepond-plugin-file-validate-size.min.js]
[php.spruko.com/xintra/xintra/assets/libs/filepond-plugin-file-encode/filepond-plugin-file-encode.min.js]
[php.spruko.com/xintra/xintra/assets/libs/filepond-plugin-image-edit/filepond-plugin-image-edit.min.js]
[php.spruko.com/xintra/xintra/assets/libs/filepond-plugin-file-validate-type/filepond-plugin-file-validate-type.min.js]
[php.spruko.com/xintra/xintra/assets/libs/filepond-plugin-image-crop/filepond-plugin-image-crop.min.js]
[php.spruko.com/xintra/xintra/assets/libs/filepond-plugin-image-resize/filepond-plugin-image-resize.min.js]
[php.spruko.com/xintra/xintra/assets/libs/filepond-plugin-image-transform/filepond-plugin-image-transform.min.js]
[php.spruko.com/xintra/xintra/assets/js/add-products.js]
[php.spruko.com/xintra/xintra/pages/add-products.html]
[php.spruko.com/xintra/xintra/assets/js/edit-products.js]
[php.spruko.com/xintra/xintra/pages/edit-products.html]
[php.spruko.com/xintra/xintra/assets/images/ecommerce/png/18.png]
[php.spruko.com/xintra/xintra/assets/images/ecommerce/png/8.png]
[php.spruko.com/xintra/xintra/assets/images/ecommerce/png/19.png]
[php.spruko.com/xintra/xintra/assets/images/ecommerce/png/25.png]
[php.spruko.com/xintra/xintra/assets/images/ecommerce/png/20.png]
[php.spruko.com/xintra/xintra/pages/order-details.html]
[php.spruko.com/xintra/xintra/assets/js/orders.js]
[php.spruko.com/xintra/xintra/pages/orders.html]
[php.spruko.com/xintra/xintra/assets/images/ecommerce/png/2.png]
[php.spruko.com/xintra/xintra/assets/images/ecommerce/png/3.png]
[php.spruko.com/xintra/xintra/assets/images/ecommerce/png/4.png]
[php.spruko.com/xintra/xintra/assets/images/ecommerce/png/5.png]
[php.spruko.com/xintra/xintra/assets/images/ecommerce/png/34.png]
[php.spruko.com/xintra/xintra/assets/images/ecommerce/png/33.png]
[php.spruko.com/xintra/xintra/assets/js/ecommerce-product-details.js]
[php.spruko.com/xintra/xintra/pages/product-details.html]
[php.spruko.com/xintra/xintra/assets/js/product-list.js]
[php.spruko.com/xintra/xintra/pages/products-list.html]
[php.spruko.com/xintra/xintra/assets/js/wishlist.js]
[php.spruko.com/xintra/xintra/pages/wishlist.html]
[php.spruko.com/xintra/xintra/assets/libs/moment/moment.js]
[php.spruko.com/xintra/xintra/assets/libs/fullcalendar/index.global.min.js]
[php.spruko.com/xintra/xintra/assets/js/fullcalendar.js]
[php.spruko.com/xintra/xintra/pages/full-calendar.html]
[php.spruko.com/xintra/xintra/assets/js/gallery.js]
[php.spruko.com/xintra/xintra/pages/gallery.html]
[php.spruko.com/xintra/xintra/assets/js/sweet-alerts.js]
[php.spruko.com/xintra/xintra/pages/sweet-alerts.html]
[php.spruko.com/xintra/xintra/assets/images/company-logos/1.png]
[php.spruko.com/xintra/xintra/assets/images/company-logos/3.png]
[php.spruko.com/xintra/xintra/assets/images/company-logos/7.png]
[php.spruko.com/xintra/xintra/assets/images/company-logos/8.png]
[php.spruko.com/xintra/xintra/assets/images/company-logos/6.png]
[php.spruko.com/xintra/xintra/assets/images/company-logos/4.png]
[php.spruko.com/xintra/xintra/assets/images/company-logos/5.png]
[php.spruko.com/xintra/xintra/pages/projects-list.html]
[php.spruko.com/xintra/xintra/assets/images/media/media-21.jpg]
[php.spruko.com/xintra/xintra/assets/images/media/media-28.jpg]
[php.spruko.com/xintra/xintra/assets/libs/dragula/dragula.min.js]
[php.spruko.com/xintra/xintra/assets/js/project-overview.js]
[php.spruko.com/xintra/xintra/pages/projects-overview.html]
[php.spruko.com/xintra/xintra/assets/js/create-project.js]
[php.spruko.com/xintra/xintra/pages/projects-create.html]
[php.spruko.com/xintra/xintra/assets/js/task-kanban-board.js]
[php.spruko.com/xintra/xintra/pages/task-kanban-board.html]
[php.spruko.com/xintra/xintra/assets/js/task-list.js]
[php.spruko.com/xintra/xintra/pages/task-list-view.html]
[php.spruko.com/xintra/xintra/assets/images/media/media-37.jpg]
[php.spruko.com/xintra/xintra/assets/images/media/media-38.jpg]
[php.spruko.com/xintra/xintra/pages/task-details.html]
[php.spruko.com/xintra/xintra/assets/images/media/jobs/2.png]
[php.spruko.com/xintra/xintra/assets/js/job-details.js]
[php.spruko.com/xintra/xintra/pages/job-details.html]
[php.spruko.com/xintra/xintra/assets/images/company-logos/2.png]
[php.spruko.com/xintra/xintra/assets/images/company-logos/10.png]
[php.spruko.com/xintra/xintra/assets/images/company-logos/9.png]
[php.spruko.com/xintra/xintra/pages/job-company-search.html]
[php.spruko.com/xintra/xintra/assets/images/media/jobs/1.png]
[php.spruko.com/xintra/xintra/assets/images/media/jobs/3.png]
[php.spruko.com/xintra/xintra/assets/images/media/jobs/4.png]
[php.spruko.com/xintra/xintra/assets/js/job-search.js]
[php.spruko.com/xintra/xintra/pages/job-search.html]
[php.spruko.com/xintra/xintra/assets/js/jobs-post.js]
[php.spruko.com/xintra/xintra/pages/job-post.html]
[php.spruko.com/xintra/xintra/assets/js/job-list.js]
[php.spruko.com/xintra/xintra/pages/jobs-list.html]
[php.spruko.com/xintra/xintra/assets/js/job-search-candidate.js]
[php.spruko.com/xintra/xintra/pages/job-candidate-search.html]
[php.spruko.com/xintra/xintra/assets/js/job-candidate-details.js]
[php.spruko.com/xintra/xintra/pages/job-candidate-details.html]
[php.spruko.com/xintra/xintra/assets/images/nft-images/13.jpg]
[php.spruko.com/xintra/xintra/pages/nft-marketplace.html]
[php.spruko.com/xintra/xintra/assets/js/nft-details.js]
[php.spruko.com/xintra/xintra/pages/nft-details.html]
[php.spruko.com/xintra/xintra/assets/js/nft-create.js]
[php.spruko.com/xintra/xintra/pages/nft-create.html]
[php.spruko.com/xintra/xintra/assets/images/nft-images/34.png]
[php.spruko.com/xintra/xintra/assets/images/nft-images/33.png]
[php.spruko.com/xintra/xintra/assets/images/nft-images/32.png]
[php.spruko.com/xintra/xintra/assets/images/nft-images/28.png]
[php.spruko.com/xintra/xintra/assets/images/nft-images/30.png]
[php.spruko.com/xintra/xintra/assets/images/nft-images/29.png]
[php.spruko.com/xintra/xintra/assets/images/nft-images/36.png]
[php.spruko.com/xintra/xintra/assets/images/nft-images/22.png]
[php.spruko.com/xintra/xintra/assets/images/nft-images/23.png]
[php.spruko.com/xintra/xintra/assets/images/nft-images/20.png]
[php.spruko.com/xintra/xintra/assets/images/nft-images/24.png]
[php.spruko.com/xintra/xintra/assets/images/nft-images/19.png]
[php.spruko.com/xintra/xintra/assets/images/nft-images/27.png]
[php.spruko.com/xintra/xintra/pages/nft-wallet-integration.html]
[php.spruko.com/xintra/xintra/assets/images/nft-images/31.png]
[php.spruko.com/xintra/xintra/assets/images/nft-images/25.png]
[php.spruko.com/xintra/xintra/assets/images/nft-images/21.png]
[php.spruko.com/xintra/xintra/assets/images/nft-images/26.png]
[php.spruko.com/xintra/xintra/pages/nft-live-auction.html]
[php.spruko.com/xintra/xintra/assets/js/crm-contacts.js]
[php.spruko.com/xintra/xintra/pages/crm-contacts.html]
[php.spruko.com/xintra/xintra/assets/images/company-logos/11.png]
[php.spruko.com/xintra/xintra/assets/js/crm-companies.js]
[php.spruko.com/xintra/xintra/pages/crm-companies.html]
[php.spruko.com/xintra/xintra/assets/js/crm-deals.js]
[php.spruko.com/xintra/xintra/pages/crm-deals.html]
[php.spruko.com/xintra/xintra/assets/js/crm-leads.js]
[php.spruko.com/xintra/xintra/pages/crm-leads.html]
[php.spruko.com/xintra/xintra/assets/js/crypto-transactions-list.js]
[php.spruko.com/xintra/xintra/pages/crypto-transactions.html]
[php.spruko.com/xintra/xintra/assets/js/crypto-currency-exchange.js]
[php.spruko.com/xintra/xintra/pages/crypto-currency-exchange.html]
[php.spruko.com/xintra/xintra/assets/js/crypto-buy-sell.js]
[php.spruko.com/xintra/xintra/pages/crypto-buy-sell.html]
[php.spruko.com/xintra/xintra/assets/js/crypto-marketcap.js]
[php.spruko.com/xintra/xintra/pages/crypto-marketcap.html]
[php.spruko.com/xintra/xintra/assets/images/media/media-68.png]
[php.spruko.com/xintra/xintra/pages/crypto-wallet.html]
[php.spruko.com/xintra/xintra/assets/libs/animejs/lib/anime.min.js]
[php.spruko.com/xintra/xintra/assets/js/coming-soon.js]
[php.spruko.com/xintra/xintra/pages/coming-soon.html]
[php.spruko.com/xintra/xintra/pages/create-password-basic.html]
[php.spruko.com/xintra/xintra/pages/create-password-cover.html]
[php.spruko.com/xintra/xintra/pages/lockscreen-basic.html]
[php.spruko.com/xintra/xintra/pages/lockscreen-cover.html]
[php.spruko.com/xintra/xintra/pages/reset-password-basic.html]
[php.spruko.com/xintra/xintra/pages/reset-password-cover.html]
[php.spruko.com/xintra/xintra/pages/sign-up-basic.html]
[php.spruko.com/xintra/xintra/pages/sign-up-cover.html]
[php.spruko.com/xintra/xintra/pages/sign-in-basic.html]
[php.spruko.com/xintra/xintra/assets/js/two-step-verification.js]
[php.spruko.com/xintra/xintra/pages/two-step-verification-basic.html]
[php.spruko.com/xintra/xintra/pages/two-step-verification-cover.html]
[php.spruko.com/xintra/xintra/pages/under-maintenance.html]
[php.spruko.com/xintra/xintra/pages/error401.html]
[php.spruko.com/xintra/xintra/pages/error404.html]
[php.spruko.com/xintra/xintra/pages/error500.html]
[php.spruko.com/xintra/xintra/assets/images/media/blog/1.jpg]
[php.spruko.com/xintra/xintra/assets/images/media/blog/3.jpg]
[php.spruko.com/xintra/xintra/assets/images/media/blog/2.jpg]
[php.spruko.com/xintra/xintra/assets/images/media/blog/4.jpg]
[php.spruko.com/xintra/xintra/assets/images/media/blog/5.jpg]
[php.spruko.com/xintra/xintra/assets/images/media/blog/6.jpg]
[php.spruko.com/xintra/xintra/assets/images/media/blog/8.jpg]
[php.spruko.com/xintra/xintra/assets/images/media/blog/14.jpg]
[php.spruko.com/xintra/xintra/assets/images/media/blog/15.jpg]
[php.spruko.com/xintra/xintra/assets/images/media/blog/16.jpg]
[php.spruko.com/xintra/xintra/assets/images/media/blog/17.jpg]
[php.spruko.com/xintra/xintra/assets/images/media/blog/7.jpg]
[php.spruko.com/xintra/xintra/assets/images/media/blog/12.jpg]
[php.spruko.com/xintra/xintra/assets/images/media/blog/10.jpg]
[php.spruko.com/xintra/xintra/assets/images/media/blog/13.jpg]
[php.spruko.com/xintra/xintra/assets/images/media/blog/11.jpg]
[php.spruko.com/xintra/xintra/pages/blog.html]
[php.spruko.com/xintra/xintra/assets/images/media/blog/18.jpg]
[php.spruko.com/xintra/xintra/assets/images/media/media-48.jpg]
[php.spruko.com/xintra/xintra/assets/images/media/media-49.jpg]
[php.spruko.com/xintra/xintra/assets/images/media/media-50.jpg]
[php.spruko.com/xintra/xintra/assets/images/media/media-51.jpg]
[php.spruko.com/xintra/xintra/assets/images/media/media-52.jpg]
[php.spruko.com/xintra/xintra/assets/images/media/media-53.jpg]
[php.spruko.com/xintra/xintra/assets/images/media/media-54.jpg]
[php.spruko.com/xintra/xintra/assets/images/media/media-55.jpg]
[php.spruko.com/xintra/xintra/assets/images/media/media-56.jpg]
[php.spruko.com/xintra/xintra/assets/js/blog-details.js]
[php.spruko.com/xintra/xintra/pages/blog-details.html]
[php.spruko.com/xintra/xintra/assets/js/blog-create.js]
[php.spruko.com/xintra/xintra/pages/blog-create.html]
[php.spruko.com/xintra/xintra/pages/emptypage.html]
[php.spruko.com/xintra/xintra/assets/images/media/media-65.png]
[php.spruko.com/xintra/xintra/pages/faqs.html]
[php.spruko.com/xintra/xintra/assets/js/create-invoice.js]
[php.spruko.com/xintra/xintra/pages/invoice-create.html]
[php.spruko.com/xintra/xintra/pages/invoice-details.html]
[php.spruko.com/xintra/xintra/assets/js/invoice-list.js]
[php.spruko.com/xintra/xintra/pages/invoice-list.html]
[php.spruko.com/xintra/xintra/assets/images/media/landing/1.png]
[php.spruko.com/xintra/xintra/assets/images/media/landing/2.png]
[php.spruko.com/xintra/xintra/assets/images/media/landing/web/7.png]
[php.spruko.com/xintra/xintra/assets/images/media/landing/web/1.png]
[php.spruko.com/xintra/xintra/assets/images/media/landing/web/2.png]
[php.spruko.com/xintra/xintra/assets/images/media/landing/web/4.png]
[php.spruko.com/xintra/xintra/assets/images/media/landing/web/5.png]
[php.spruko.com/xintra/xintra/assets/images/media/landing/web/6.png]
[php.spruko.com/xintra/xintra/assets/js/landing.js]
[php.spruko.com/xintra/xintra/assets/js/landing-sticky.js]
[php.spruko.com/xintra/xintra/pages/landing.html]
[php.spruko.com/xintra/xintra/assets/js/pricing.js]
[php.spruko.com/xintra/xintra/pages/pricing.html]
[php.spruko.com/xintra/xintra/pages/profile-settings.html]
[php.spruko.com/xintra/xintra/assets/js/reviews.js]
[php.spruko.com/xintra/xintra/pages/reviews.html]
[php.spruko.com/xintra/xintra/assets/images/media/media-16.jpg]
[php.spruko.com/xintra/xintra/assets/images/media/books/6.jpg]
[php.spruko.com/xintra/xintra/assets/images/media/books/3.jpg]
[php.spruko.com/xintra/xintra/assets/images/media/books/1.jpg]
[php.spruko.com/xintra/xintra/assets/images/media/books/2.jpg]
[php.spruko.com/xintra/xintra/assets/images/media/books/4.jpg]
[php.spruko.com/xintra/xintra/assets/images/media/books/5.jpg]
[php.spruko.com/xintra/xintra/assets/js/search-results.js]
[php.spruko.com/xintra/xintra/pages/search-results.html]
[php.spruko.com/xintra/xintra/pages/team.html]
[php.spruko.com/xintra/xintra/pages/terms-conditions.html]
[php.spruko.com/xintra/xintra/pages/timeline.html]
[php.spruko.com/xintra/xintra/assets/images/media/media-66.png]
[php.spruko.com/xintra/xintra/assets/js/todolist.js]
[php.spruko.com/xintra/xintra/pages/to-do-list.html]
[php.spruko.com/xintra/xintra/assets/libs/intl-tel-input/build/js/intlTelInput.min.js]
[php.spruko.com/xintra/xintra/assets/libs/@yaireo/tagify/tagify.min.js]
[php.spruko.com/xintra/xintra/assets/libs/@yaireo/dragsort/dragsort.js]
[php.spruko.com/xintra/xintra/assets/libs/dual-listbox/dual-listbox.js]
[php.spruko.com/xintra/xintra/assets/js/form-advanced.js]
[php.spruko.com/xintra/xintra/assets/js/tagify.js]
[php.spruko.com/xintra/xintra/pages/form-advanced.html]
[php.spruko.com/xintra/xintra/assets/libs/prismjs/prism.js]
[php.spruko.com/xintra/xintra/assets/js/prism-custom.js]
[php.spruko.com/xintra/xintra/pages/form-inputs.html]
[php.spruko.com/xintra/xintra/pages/form-check-radios.html]
[php.spruko.com/xintra/xintra/pages/form-input-group.html]
[php.spruko.com/xintra/xintra/assets/js/choices.js]
[php.spruko.com/xintra/xintra/pages/form-select.html]
[php.spruko.com/xintra/xintra/assets/js/nouislider.js]
[php.spruko.com/xintra/xintra/pages/form-range.html]
[php.spruko.com/xintra/xintra/assets/libs/cleave.js/cleave.min.js]
[php.spruko.com/xintra/xintra/assets/js/form-input-mask.js]
[php.spruko.com/xintra/xintra/pages/form-input-masks.html]
[php.spruko.com/xintra/xintra/assets/js/fileupload.js]
[php.spruko.com/xintra/xintra/pages/form-file-uploads.html]
[php.spruko.com/xintra/xintra/assets/js/date&time-pickers.js]
[php.spruko.com/xintra/xintra/pages/form-datetime-pickers.html]
[php.spruko.com/xintra/xintra/assets/js/color-picker.js]
[php.spruko.com/xintra/xintra/pages/form-color-pickers.html]
[php.spruko.com/xintra/xintra/pages/floating-labels.html]
[php.spruko.com/xintra/xintra/pages/form-layout.html]
[php.spruko.com/xintra/xintra/assets/libs/vanilla-wizard/js/wizard.min.js]
[php.spruko.com/xintra/xintra/assets/js/form-wizard.js]
[php.spruko.com/xintra/xintra/assets/js/form-wizard-init.js]
[php.spruko.com/xintra/xintra/pages/form-wizards.html]
[php.spruko.com/xintra/xintra/assets/js/quill-editor.js]
[php.spruko.com/xintra/xintra/pages/quill-editor.html]
[php.spruko.com/xintra/xintra/assets/js/validation.js]
[php.spruko.com/xintra/xintra/pages/form-validation.html]
[cdn.jsdelivr.net/npm/select2@4.1.0-rc.0/dist/css/select2.min.css]
[code.jquery.com/jquery-3.6.1.min.js]
[cdn.jsdelivr.net/npm/select2@4.1.0-rc.0/dist/js/select2.min.js]
[php.spruko.com/xintra/xintra/assets/js/select2.js]
[php.spruko.com/xintra/xintra/pages/form-select2.html]
[php.spruko.com/xintra/xintra/assets/js/alerts.js]
[php.spruko.com/xintra/xintra/pages/alerts.html]
[php.spruko.com/xintra/xintra/pages/badge.html]
[php.spruko.com/xintra/xintra/pages/breadcrumb.html]
[php.spruko.com/xintra/xintra/pages/buttons.html]
[php.spruko.com/xintra/xintra/pages/buttongroup.html]
[php.spruko.com/xintra/xintra/assets/images/media/media-22.jpg]
[php.spruko.com/xintra/xintra/assets/images/media/media-24.jpg]
[php.spruko.com/xintra/xintra/assets/images/media/media-9.jpg]
[php.spruko.com/xintra/xintra/assets/images/media/media-27.jpg]
[php.spruko.com/xintra/xintra/assets/images/media/media-33.jpg]
[php.spruko.com/xintra/xintra/assets/images/media/media-36.jpg]
[php.spruko.com/xintra/xintra/assets/images/media/media-34.jpg]
[php.spruko.com/xintra/xintra/assets/images/media/media-47.jpg]
[php.spruko.com/xintra/xintra/pages/cards.html]
[php.spruko.com/xintra/xintra/pages/dropdowns.html]
[php.spruko.com/xintra/xintra/assets/images/media/media-57.jpg]
[php.spruko.com/xintra/xintra/pages/images-figures.html]
[php.spruko.com/xintra/xintra/pages/links-interactions.html]
[php.spruko.com/xintra/xintra/pages/listgroup.html]
[php.spruko.com/xintra/xintra/pages/navs-tabs.html]
[php.spruko.com/xintra/xintra/pages/object-fit.html]
[php.spruko.com/xintra/xintra/pages/pagination.html]
[php.spruko.com/xintra/xintra/pages/popovers.html]
[php.spruko.com/xintra/xintra/pages/progress.html]
[php.spruko.com/xintra/xintra/pages/spinners.html]
[php.spruko.com/xintra/xintra/assets/libs/toastify-js/src/toastify.js]
[php.spruko.com/xintra/xintra/assets/js/toasts.js]
[php.spruko.com/xintra/xintra/pages/toasts.html]
[php.spruko.com/xintra/xintra/pages/tooltips.html]
[php.spruko.com/xintra/xintra/pages/typography.html]
[php.spruko.com/xintra/xintra/pages/accordions-collpase.html]
[php.spruko.com/xintra/xintra/assets/images/media/media-63.jpg]
[php.spruko.com/xintra/xintra/assets/images/media/media-64.jpg]
[php.spruko.com/xintra/xintra/assets/images/media/media-62.jpg]
[php.spruko.com/xintra/xintra/pages/carousel.html]
[php.spruko.com/xintra/xintra/assets/js/draggable-cards.js]
[php.spruko.com/xintra/xintra/pages/draggable-cards.html]
[cdn.plyr.io/static/demo/View_From_A_Blue_Moon_Trailer-HD.jpg]
[php.spruko.com/xintra/xintra/assets/libs/plyr/plyr.min.js]
[php.spruko.com/xintra/xintra/assets/js/media-player.js]
[php.spruko.com/xintra/xintra/pages/media-player.html]
[php.spruko.com/xintra/xintra/assets/js/modal.js]
[php.spruko.com/xintra/xintra/pages/modals-closes.html]
[php.spruko.com/xintra/xintra/pages/navbar.html]
[php.spruko.com/xintra/xintra/pages/offcanvas.html]
[php.spruko.com/xintra/xintra/pages/placeholders.html]
[php.spruko.com/xintra/xintra/assets/libs/rater-js/index.js]
[php.spruko.com/xintra/xintra/assets/js/ratings.js]
[php.spruko.com/xintra/xintra/pages/ratings.html]
[php.spruko.com/xintra/xintra/pages/ribbons.html]
[php.spruko.com/xintra/xintra/pages/scrollspy.html]
[php.spruko.com/xintra/xintra/assets/libs/sortablejs/Sortable.min.js]
[php.spruko.com/xintra/xintra/assets/js/sortable.js]
[php.spruko.com/xintra/xintra/pages/sortable-list.html]
[php.spruko.com/xintra/xintra/assets/images/media/media-8.jpg]
[php.spruko.com/xintra/xintra/assets/images/media/media-5.jpg]
[php.spruko.com/xintra/xintra/assets/images/media/media-20.jpg]
[php.spruko.com/xintra/xintra/assets/images/media/media-2.jpg]
[php.spruko.com/xintra/xintra/assets/images/media/media-11.jpg]
[php.spruko.com/xintra/xintra/assets/images/media/media-6.jpg]
[php.spruko.com/xintra/xintra/assets/images/media/media-7.jpg]
[php.spruko.com/xintra/xintra/assets/js/swiper.js]
[php.spruko.com/xintra/xintra/pages/swiperjs.html]
[php.spruko.com/xintra/xintra/assets/libs/shepherd.js/js/shepherd.min.js]
[php.spruko.com/xintra/xintra/assets/js/tour.js]
[php.spruko.com/xintra/xintra/pages/tour.html]
[php.spruko.com/xintra/xintra/pages/avatars.html]
[php.spruko.com/xintra/xintra/assets/images/media/media-58.jpg]
[php.spruko.com/xintra/xintra/pages/borders.html]
[php.spruko.com/xintra/xintra/pages/breakpoints.html]
[php.spruko.com/xintra/xintra/pages/colors.html]
[php.spruko.com/xintra/xintra/pages/columns.html]
[php.spruko.com/xintra/xintra/pages/css-grid.html]
[php.spruko.com/xintra/xintra/pages/flex.html]
[php.spruko.com/xintra/xintra/pages/gutters.html]
[php.spruko.com/xintra/xintra/pages/helpers.html]
[php.spruko.com/xintra/xintra/pages/position.html]
[php.spruko.com/xintra/xintra/pages/more.html]
[php.spruko.com/xintra/xintra/assets/js/widgets.js]
[php.spruko.com/xintra/xintra/pages/widgets.html]
[php.spruko.com/xintra/xintra/assets/libs/jsvectormap/jsvectormap.min.js]
[php.spruko.com/xintra/xintra/assets/libs/jsvectormap/maps/world-merc.js]
[php.spruko.com/xintra/xintra/assets/js/us-merc-en.js]
[php.spruko.com/xintra/xintra/assets/js/russia.js]
[php.spruko.com/xintra/xintra/assets/js/spain.js]
[php.spruko.com/xintra/xintra/assets/js/canada.js]
[php.spruko.com/xintra/xintra/assets/js/jsvectormap.js]
[php.spruko.com/xintra/xintra/pages/vector-maps.html]
[php.spruko.com/xintra/xintra/assets/libs/leaflet/leaflet.js]
[php.spruko.com/xintra/xintra/assets/js/leaflet.js]
[php.spruko.com/xintra/xintra/pages/leaflet-maps.html]
[php.spruko.com/xintra/xintra/assets/libs/gmaps/gmaps.min.js]
[php.spruko.com/xintra/xintra/assets/js/google-maps.js]
[php.spruko.com/xintra/xintra/pages/google-maps.html]
[php.spruko.com/xintra/xintra/pages/icons.html]
[php.spruko.com/xintra/xintra/assets/js/dataseries.js]
[php.spruko.com/xintra/xintra/assets/js/apexcharts-stock-prices.js]
[php.spruko.com/xintra/xintra/assets/js/apexcharts-line.js]
[php.spruko.com/xintra/xintra/pages/apex-line-charts.html]
[php.spruko.com/xintra/xintra/assets/js/apex-github-data.js]
[php.spruko.com/xintra/xintra/assets/js/apexcharts-irregulardata.js]
[php.spruko.com/xintra/xintra/assets/js/apexcharts-area.js]
[php.spruko.com/xintra/xintra/pages/apex-area-charts.html]
[php.spruko.com/xintra/xintra/assets/js/apexcharts-column.js]
[php.spruko.com/xintra/xintra/pages/apex-column-charts.html]
[php.spruko.com/xintra/xintra/assets/js/apexcharts-bar.js]
[php.spruko.com/xintra/xintra/pages/apex-bar-charts.html]
[php.spruko.com/xintra/xintra/assets/js/apexcharts-mixed.js]
[php.spruko.com/xintra/xintra/pages/apex-mixed-charts.html]
[php.spruko.com/xintra/xintra/assets/js/apexcharts-rangearea.js]
[php.spruko.com/xintra/xintra/pages/apex-rangearea-charts.html]
[php.spruko.com/xintra/xintra/assets/js/apexcharts-timeline.js]
[php.spruko.com/xintra/xintra/pages/apex-timeline-charts.html]
[php.spruko.com/xintra/xintra/assets/js/apexcharts-funnel.js]
[php.spruko.com/xintra/xintra/pages/apex-funnel-charts.html]
[php.spruko.com/xintra/xintra/assets/js/apexcharts-candlestick-seriesdata.js]
[php.spruko.com/xintra/xintra/assets/js/apexcharts-dayjs.js]
[php.spruko.com/xintra/xintra/assets/js/apexcharts-candlestick.js]
[php.spruko.com/xintra/xintra/pages/apex-candlestick-charts.html]
[php.spruko.com/xintra/xintra/assets/js/apexcharts-boxplot.js]
[php.spruko.com/xintra/xintra/pages/apex-boxplot-charts.html]
[php.spruko.com/xintra/xintra/assets/js/apexcharts-bubble.js]
[php.spruko.com/xintra/xintra/pages/apex-bubble-charts.html]
[php.spruko.com/xintra/xintra/assets/js/apexcharts-scatter.js]
[php.spruko.com/xintra/xintra/pages/apex-scatter-charts.html]
[php.spruko.com/xintra/xintra/assets/js/apexcharts-heatmap.js]
[php.spruko.com/xintra/xintra/pages/apex-heatmap-charts.html]
[php.spruko.com/xintra/xintra/assets/js/apexcharts-treemap.js]
[php.spruko.com/xintra/xintra/pages/apex-treemap-charts.html]
[php.spruko.com/xintra/xintra/assets/js/apexcharts-pie.js]
[php.spruko.com/xintra/xintra/pages/apex-pie-charts.html]
[php.spruko.com/xintra/xintra/assets/js/apexcharts-radialbar.js]
[php.spruko.com/xintra/xintra/pages/apex-radialbar-charts.html]
[php.spruko.com/xintra/xintra/assets/js/apexcharts-radar.js]
[php.spruko.com/xintra/xintra/pages/apex-radar-charts.html]
[php.spruko.com/xintra/xintra/assets/js/apexcharts-polararea.js]
[php.spruko.com/xintra/xintra/pages/apex-polararea-charts.html]
[php.spruko.com/xintra/xintra/assets/js/apexcharts-slope.js]
[php.spruko.com/xintra/xintra/pages/apex-slope-charts.html]
[php.spruko.com/xintra/xintra/assets/libs/chart.js/chart.umd.js]
[php.spruko.com/xintra/xintra/assets/js/chartjs-charts.js]
[php.spruko.com/xintra/xintra/pages/chartjs-charts.html]
[php.spruko.com/xintra/xintra/assets/js/echarts.js]
[php.spruko.com/xintra/xintra/pages/echarts.html]
[php.spruko.com/xintra/xintra/pages/tables.html]
[php.spruko.com/xintra/xintra/assets/libs/gridjs/gridjs.umd.js]
[php.spruko.com/xintra/xintra/assets/js/grid.js]
[php.spruko.com/xintra/xintra/pages/grid-tables.html]
[cdn.datatables.net/1.12.1/css/dataTables.bootstrap5.min.css]
[cdn.datatables.net/responsive/2.3.0/css/responsive.bootstrap.min.css]
[cdn.datatables.net/buttons/2.2.3/css/buttons.bootstrap5.min.css]
[cdn.datatables.net/1.12.1/js/jquery.dataTables.min.js]
[cdn.datatables.net/1.12.1/js/dataTables.bootstrap5.min.js]
[cdn.datatables.net/responsive/2.3.0/js/dataTables.responsive.min.js]
[cdn.datatables.net/buttons/2.2.3/js/dataTables.buttons.min.js]
[cdn.datatables.net/buttons/2.2.3/js/buttons.print.min.js]
[cdnjs.cloudflare.com/ajax/libs/pdfmake/0.2.6/pdfmake.min.js]
[cdnjs.cloudflare.com/ajax/libs/pdfmake/0.1.53/vfs_fonts.js]
[cdn.datatables.net/buttons/2.2.3/js/buttons.html5.min.js]
[cdnjs.cloudflare.com/ajax/libs/jszip/3.10.1/jszip.min.js]
[php.spruko.com/xintra/xintra/assets/js/datatables.js]
[php.spruko.com/xintra/xintra/pages/data-tables.html]
[php.spruko.com/xintra/xintra/assets/libs/@tarekraafat/autocomplete.js/css/images/search.svg]
[php.spruko.com/xintra/xintra/assets/libs/sweetalert2/sweetalert2.min.css]
[php.spruko.com/xintra/xintra/assets/libs/nouislider/nouislider.min.css]
[php.spruko.com/xintra/xintra/assets/libs/glightbox/css/glightbox.min.css]
[php.spruko.com/xintra/xintra/pages/twitter.com/spruko.html]
[php.spruko.com/xintra/xintra/assets/libs/quill/quill.snow.css]
[php.spruko.com/xintra/xintra/assets/libs/quill/quill.bubble.css]
[php.spruko.com/xintra/xintra/assets/libs/dropzone/dropzone.css]
[php.spruko.com/xintra/xintra/assets/libs/swiper/swiper-bundle.min.css]
[php.spruko.com/xintra/xintra/assets/libs/filepond/filepond.min.css]
[php.spruko.com/xintra/xintra/assets/libs/filepond-plugin-image-preview/filepond-plugin-image-preview.min.css]
[php.spruko.com/xintra/xintra/assets/libs/filepond-plugin-image-edit/filepond-plugin-image-edit.min.css]
[php.spruko.com/xintra/xintra/assets/libs/dragula/dragula.min.css]
[php.spruko.com/xintra/xintra/assets/libs/bootstrap/css/bootstrap.rtl.min.css]
[php.spruko.com/xintra/xintra/assets/libs/intl-tel-input/build/img/flagsc4ca.png]
[php.spruko.com/xintra/xintra/assets/libs/intl-tel-input/build/img/flags@2xc4ca.png]
[php.spruko.com/xintra/xintra/assets/libs/intl-tel-input/build/img/globe.png]
[php.spruko.com/xintra/xintra/assets/libs/intl-tel-input/build/img/globe@2x.png]
[php.spruko.com/xintra/xintra/assets/libs/intl-tel-input/build/css/intlTelInput.min.css]
[php.spruko.com/xintra/xintra/assets/libs/@yaireo/tagify/tagify.css]
[php.spruko.com/xintra/xintra/assets/libs/@yaireo/dragsort/dragsort.css]
[php.spruko.com/xintra/xintra/assets/libs/dual-listbox/dual-listbox.css]
[php.spruko.com/xintra/xintra/assets/libs/prismjs/themes/prism-coy.min.css]
[php.spruko.com/xintra/xintra/assets/libs/flatpickr/flatpickr.css]
[php.spruko.com/xintra/xintra/assets/libs/@simonwep/pickr/themes/classic.min.css]
[php.spruko.com/xintra/xintra/assets/libs/@simonwep/pickr/themes/monolith.min.css]
[cdn.jsdelivr.net/npm/select2@4.1.0-rc.0/dist/css/select2.min.css]
[php.spruko.com/xintra/xintra/assets/libs/toastify-js/src/toastify.css]
[php.spruko.com/xintra/xintra/assets/libs/plyr/plyr.css]
[php.spruko.com/xintra/xintra/assets/libs/shepherd.js/css/shepherd.css]
[php.spruko.com/xintra/xintra/assets/libs/jsvectormap/jsvectormap.min.css]
[php.spruko.com/xintra/xintra/assets/libs/leaflet/images/layers.png]
[php.spruko.com/xintra/xintra/assets/libs/leaflet/images/layers-2x.png]
[php.spruko.com/xintra/xintra/assets/libs/leaflet/images/marker-icon.png]
[php.spruko.com/xintra/xintra/assets/libs/leaflet/leaflet.css]
[php.spruko.com/xintra/xintra/assets/libs/apexcharts/apexcharts.css]
[php.spruko.com/xintra/xintra/assets/libs/gridjs/theme/mermaid.min.css]
[cdn.datatables.net/1.12.1/css/dataTables.bootstrap5.min.css]
[cdn.datatables.net/responsive/2.3.0/css/responsive.bootstrap.min.css]
[cdn.datatables.net/buttons/2.2.3/css/buttons.bootstrap5.min.css]
